// Jest Snapshot v1, https://goo.gl/fbAQLP

exports[`MovieCard renders movie tile 1`] = `
<DocumentFragment>
  <div
    class="movie-card-content"
  >
    <img
      alt="Test Movie"
      src="http://test.com/test-img.jpg"
    />
    <h3
      class="movie--title"
    >
      Test Movie
    </h3>
    <p
      class="movie--rating"
    >
      Rating : 5 | Release date : 2005/11/02
    </p>
    <p
      class="movie--description"
    />
    <p
      class="movie--edit"
    >
      Edit
    </p>
    <p
      class="movie--delete"
    >
      Delete
    </p>
  </div>
</DocumentFragment>
`;
